// Jest Snapshot v1, https://goo.gl/fbAQLP

exports[`<Header /> Renders correctly 1`] = `
<View
  style={
    Object {
      "backgroundColor": "#D9D9D9",
      "height": 60,
    }
  }
>
  <Text
    style={
      Object {
        "fontSize": 24,
        "justifyContent": "center",
        "marginLeft": 20,
        "marginTop": 10,
      }
    }
  >
    Echo
  </Text>
</View>
`;
